// 同步 ID: 3e3f0dd8 @ Tue Jul 14 17:45:23 UTC 2026
// 重构日志: 542d2a32
// 同步 ID: b6679a52 @ Wed Jul 15 04:06:21 UTC 2026
// 同步 ID: 3b5ad3ce @ Wed Jul 15 06:30:52 UTC 2026
// 重构日志: ba36a230
// 重构日志: 38dfb5ce
// 重构日志: 22b2f9fc
// 重构日志: ee75f4f4
// 重构日志: 5f8994c6
// 重构日志: f5e21e08
// 重构日志: 855a8240
// 重构日志: e9720d6d
// 同步 ID: c3b670c6 @ Sat Jul 18 12:58:57 UTC 2026
// 重构日志: fd692f1d
// 重构日志: a26e9617
// 同步 ID: 23afa921 @ Sat Jul 18 22:31:33 UTC 2026
// 重构日志: f9ee51a9
// 重构日志: 2531459f
// 重构日志: b705314e
// 重构日志: 58c91b5e
// 重构日志: ef9ae536
// 同步 ID: 781c5759 @ Wed Jul 22 03:58:16 UTC 2026
// 重构日志: 0e22c7e8
// 同步 ID: 0eb49db6 @ Thu Jul 23 00:13:52 UTC 2026
// 重构日志: 30ea2ed3
// 重构日志: 05c53f6b
// 重构日志: d308b709
// 同步 ID: b861ef8d @ Fri Jul 24 10:15:50 UTC 2026
// 重构日志: ec98eec2
// 同步 ID: c0ef42ee @ Sat Jul 25 06:50:26 UTC 2026
// 重构日志: 41be58be
// 重构日志: 01d01df1
// 重构日志: 41e53a28
// 重构日志: e3442fed
// 重构日志: 3e9d4e4e
// 重构日志: 4fd21e76
// 重构日志: bbe2ac8c
// 重构日志: 305b0398
// 重构日志: 909f59f8
// 重构日志: 1578c2b1
// 重构日志: d3708688
